14:24:59 **** Incremental Build of configuration Debug for project UART_DMA ****
make -j8 all 
arm-none-eabi-gcc "../Src/UART.c" -mcpu=cortex-m3 -std=gnu11 -g3 -DDEBUG -DSTM32 -DSTM32F1 -DSTM32F103C8Tx -DUSE_HAL_DRIVER -DSTM32F103xB -c -I"D:/embedded/Study/projects/f1103c8t6 HAL/STM32F1_CUBE/6_DMA/UART_DMA/Drivers/CMSIS/Device/ST/STM32F1xx/Include" -I"D:/embedded/Study/projects/f1103c8t6 HAL/STM32F1_CUBE/6_DMA/UART_DMA/Drivers/CMSIS/Include" -I"D:/embedded/Study/projects/f1103c8t6 HAL/STM32F1_CUBE/6_DMA/UART_DMA/Drivers/STM32F1xx_HAL_Driver/Inc" -I"D:/embedded/Study/projects/f1103c8t6 HAL/STM32F1_CUBE/6_DMA/UART_DMA/Inc" -O0 -ffunction-sections -fdata-sections -Wall -fstack-usage -MMD -MP -MF"Src/UART.d" -MT"Src/UART.o" --specs=nano.specs -mfloat-abi=soft -mthumb -o "Src/UART.o"
arm-none-eabi-gcc -o "UART_DMA.elf" @"objects.list"   -mcpu=cortex-m3 -T"D:\embedded\Study\projects\f1103c8t6 HAL\STM32F1_CUBE\6_DMA\UART_DMA\STM32F103C8TX_FLASH.ld" --specs=nosys.specs -Wl,-Map="UART_DMA.map" -Wl,--gc-sections -static --specs=nano.specs -mfloat-abi=soft -mthumb -Wl,--start-group -lc -lm -Wl,--end-group
Finished building target: UART_DMA.elf
 
arm-none-eabi-size   UART_DMA.elf 
arm-none-eabi-objdump -h -S  UART_DMA.elf  > "UART_DMA.list"
   text	   data	    bss	    dec	    hex	filename
   3436	     20	   1804	   5260	   148c	UART_DMA.elf
Finished building: default.size.stdout
 
Finished building: UART_DMA.list
 

14:25:00 Build Finished. 0 errors, 0 warnings. (took 1s.219ms)

